// Jest Snapshot v1, https://goo.gl/fbAQLP

exports[`Pruebas en <GifItem /> debe de hacer match con el snapshot 1`] = `
<div>
  <div
    class="col-3"
  >
    <div
      class="card"
    >
      <img
        alt="goku"
        height="250"
        src="https://one-punch.com/goku.jpg"
        width="250"
      />
      <div
        class="card-content"
      >
        <h2>
          goku
        </h2>
        <a
          href="#"
        >
          Leer m√°s
        </a>
      </div>
    </div>
  </div>
</div>
`;
